
*** Running vivado
    with args -log crc_top.vdi -applog -m64 -product Vivado -messageDb vivado.pb -mode batch -source crc_top.tcl -notrace


****** Vivado v2025.2 (64-bit)
  **** SW Build 6299465 on Fri Nov 14 12:34:56 MST 2025
  **** IP Build 6300035 on Fri Nov 14 10:48:45 MST 2025
  **** SharedData Build 6298862 on Thu Nov 13 04:50:51 MST 2025
  **** Start of session at: Sat Sep 19 11:17:54 2026
    ** Copyright 1986-2022 Xilinx, Inc. All Rights Reserved.
    ** Copyright 2022-2025 Advanced Micro Devices, Inc. All Rights Reserved.

source crc_top.tcl -notrace
Command: link_design -top crc_top -part xc7z020clg484-1
Design is defaulting to srcset: sources_1
Design is defaulting to constrset: constrs_1
INFO: [Device 21-403] Loading part xc7z020clg484-1
INFO: [Project 1-5699] Read binary netlist with skipMacroContent - 1
INFO: [Project 1-454] Reading design checkpoint '/home/agnibha/Documents/acads/Reconfig/Lab Assignments/Lab 2/CRC16/CRC16.gen/sources_1/ip/vio_0/vio_0.dcp' for cell 'u_vio'
Netlist sorting complete. Time (s): cpu = 00:00:00.01 ; elapsed = 00:00:00.01 . Memory (MB): peak = 1791.828 ; gain = 0.000 ; free physical = 1435 ; free virtual = 12852
INFO: [Netlist 29-17] Analyzing 10 Unisim elements for replacement
INFO: [Netlist 29-28] Unisim Transformation completed in 0 CPU seconds
INFO: [Project 1-479] Netlist was created with Vivado 2025.2
INFO: [Project 1-570] Preparing netlist for logic optimization
INFO: [Chipscope 16-324] Core: u_vio UUID: 407d14e8-1cc9-58ef-8c2e-354d7bf170fd 
Parsing XDC File [/home/agnibha/Documents/acads/Reconfig/Lab Assignments/Lab 2/CRC16/CRC16.gen/sources_1/ip/vio_0/vio_0.xdc] for cell 'u_vio'
Finished Parsing XDC File [/home/agnibha/Documents/acads/Reconfig/Lab Assignments/Lab 2/CRC16/CRC16.gen/sources_1/ip/vio_0/vio_0.xdc] for cell 'u_vio'
Parsing XDC File [/home/agnibha/Documents/acads/Reconfig/Lab Assignments/Lab 2/CRC16/CRC16.srcs/constrs_1/new/CRC_CONSTRAINTS.xdc]
Finished Parsing XDC File [/home/agnibha/Documents/acads/Reconfig/Lab Assignments/Lab 2/CRC16/CRC16.srcs/constrs_1/new/CRC_CONSTRAINTS.xdc]
INFO: [Opt 31-138] Pushed 0 inverter(s) to 0 load pin(s).
Netlist sorting complete. Time (s): cpu = 00:00:00 ; elapsed = 00:00:00 . Memory (MB): peak = 1991.402 ; gain = 0.000 ; free physical = 1306 ; free virtual = 12725
INFO: [Project 1-111] Unisim Transformation Summary:
No Unisim elements were transformed.

sh: 1: cannot create /home/agnibha/Documents/acads/Reconfig/Lab: Is a directory
10 Infos, 0 Warnings, 0 Critical Warnings and 0 Errors encountered.
link_design completed successfully
INFO: [Common 17-600] The following parameters have non-default value.
tcl.statsThreshold
Command: opt_design
Attempting to get a license for feature 'Implementation' and/or device 'xc7z020'
INFO: [Common 17-349] Got license for feature 'Implementation' and/or device 'xc7z020'
Running DRC as a precondition to command opt_design

Starting DRC Task
INFO: [DRC 23-27] Running DRC with 8 threads
INFO: [Project 1-461] DRC finished with 0 Errors
INFO: [Project 1-462] Please refer to the DRC report (report_drc) for more information.

Time (s): cpu = 00:00:00.65 ; elapsed = 00:00:00.34 . Memory (MB): peak = 2098.910 ; gain = 107.473 ; free physical = 1269 ; free virtual = 12688

Starting Cache Timing Information Task
INFO: [Timing 38-35] Done setting XDC timing constraints.
Ending Cache Timing Information Task | Checksum: 1fe051dd0

Time (s): cpu = 00:00:04 ; elapsed = 00:00:04 . Memory (MB): peak = 2528.863 ; gain = 429.953 ; free physical = 876 ; free virtual = 12293

Starting Logic Optimization Task

Phase 1 Initialization

Phase 1.1 Core Generation And Design Setup

Phase 1.1.1 Generate And Synthesize Debug Cores
INFO: [Chipscope 16-329] Generating Script for core instance : dbg_hub 
INFO: [IP_Flow 19-3806] Processing IP xilinx.com:ip:xsdbm:3.0 for cell dbg_hub_CV.
INFO: [Chipscope 16-469] Using cached IP synthesis design for IP xilinx.com:ip:xsdbm:3.0, cache-ID = 7b4b7dd2421206d9.
Done building netlist checker database: Time (s): cpu = 00:00:00 ; elapsed = 00:00:00 . Memory (MB): peak = 2928.395 ; gain = 0.000 ; free physical = 1026 ; free virtual = 11893
Netlist sorting complete. Time (s): cpu = 00:00:00.01 ; elapsed = 00:00:00.01 . Memory (MB): peak = 2928.395 ; gain = 0.000 ; free physical = 1021 ; free virtual = 11892
Phase 1.1.1 Generate And Synthesize Debug Cores | Checksum: 1e412e9e9

Time (s): cpu = 00:00:18 ; elapsed = 00:00:09 . Memory (MB): peak = 2928.395 ; gain = 23.812 ; free physical = 1021 ; free virtual = 11892
Phase 1.1 Core Generation And Design Setup | Checksum: 1e412e9e9

Time (s): cpu = 00:00:18 ; elapsed = 00:00:09 . Memory (MB): peak = 2928.395 ; gain = 23.812 ; free physical = 1021 ; free virtual = 11892

Phase 1.2 Setup Constraints And Sort Netlist
Phase 1.2 Setup Constraints And Sort Netlist | Checksum: 1e412e9e9

Time (s): cpu = 00:00:18 ; elapsed = 00:00:09 . Memory (MB): peak = 2928.395 ; gain = 23.812 ; free physical = 1021 ; free virtual = 11892
Phase 1 Initialization | Checksum: 1e412e9e9

Time (s): cpu = 00:00:18 ; elapsed = 00:00:09 . Memory (MB): peak = 2928.395 ; gain = 23.812 ; free physical = 1021 ; free virtual = 11892

Phase 2 Timer Update And Timing Data Collection

Phase 2.1 Detect if minReqCache needed
Phase 2.1 Detect if minReqCache needed | Checksum: 1e412e9e9

Time (s): cpu = 00:00:18 ; elapsed = 00:00:09 . Memory (MB): peak = 2928.395 ; gain = 23.812 ; free physical = 1021 ; free virtual = 11892

Phase 2.2 Timer Update
Phase 2.2 Timer Update | Checksum: 1e412e9e9

Time (s): cpu = 00:00:18 ; elapsed = 00:00:09 . Memory (MB): peak = 2928.395 ; gain = 23.812 ; free physical = 1019 ; free virtual = 11890

Phase 2.3 Timing Data Collection
Phase 2.3 Timing Data Collection | Checksum: 1e412e9e9

Time (s): cpu = 00:00:18 ; elapsed = 00:00:09 . Memory (MB): peak = 2928.395 ; gain = 23.812 ; free physical = 1019 ; free virtual = 11890
Phase 2 Timer Update And Timing Data Collection | Checksum: 1e412e9e9

Time (s): cpu = 00:00:18 ; elapsed = 00:00:09 . Memory (MB): peak = 2928.395 ; gain = 23.812 ; free physical = 1019 ; free virtual = 11890

Phase 3 Retarget
INFO: [Opt 31-1851] Number of loadless carry chains removed were: 0
INFO: [Opt 31-1834] Total Chains To Be Transformed Were: 0 AND Number of Transformed insts Created are: 0
INFO: [Opt 31-1566] Pulled 1 inverters resulting in an inversion of 2 pins
INFO: [Opt 31-138] Pushed 0 inverter(s) to 0 load pin(s).
INFO: [Opt 31-49] Retargeted 0 cell(s).
Phase 3 Retarget | Checksum: 25ebcd918

Time (s): cpu = 00:00:18 ; elapsed = 00:00:09 . Memory (MB): peak = 2928.395 ; gain = 23.812 ; free physical = 1018 ; free virtual = 11890
Retarget | Checksum: 25ebcd918
INFO: [Opt 31-389] Phase Retarget created 3 cells and removed 10 cells
INFO: [Opt 31-1021] In phase Retarget, 147 netlist objects are constrained preventing optimization. Please run opt_design with -debug_log to get more detail. 

Phase 4 Constant propagation
INFO: [Opt 31-138] Pushed 0 inverter(s) to 0 load pin(s).
Phase 4 Constant propagation | Checksum: 25ebcd918

Time (s): cpu = 00:00:18 ; elapsed = 00:00:09 . Memory (MB): peak = 2928.395 ; gain = 23.812 ; free physical = 1018 ; free virtual = 11889
Constant propagation | Checksum: 25ebcd918
INFO: [Opt 31-389] Phase Constant propagation created 0 cells and removed 0 cells
INFO: [Opt 31-1021] In phase Constant propagation, 147 netlist objects are constrained preventing optimization. Please run opt_design with -debug_log to get more detail. 

Phase 5 Sweep
INFO: [Constraints 18-11670] Building netlist checker database with flags, 0x8
Done building netlist checker database: Time (s): cpu = 00:00:00 ; elapsed = 00:00:00 . Memory (MB): peak = 2928.395 ; gain = 0.000 ; free physical = 1018 ; free virtual = 11889
INFO: [Constraints 18-11670] Building netlist checker database with flags, 0x8
Done building netlist checker database: Time (s): cpu = 00:00:00 ; elapsed = 00:00:00 . Memory (MB): peak = 2928.395 ; gain = 0.000 ; free physical = 1018 ; free virtual = 11889
Phase 5 Sweep | Checksum: 2026111ce

Time (s): cpu = 00:00:18 ; elapsed = 00:00:09 . Memory (MB): peak = 2928.395 ; gain = 23.812 ; free physical = 1018 ; free virtual = 11889
Sweep | Checksum: 2026111ce
INFO: [Opt 31-389] Phase Sweep created 2 cells and removed 0 cells
INFO: [Opt 31-1021] In phase Sweep, 1304 netlist objects are constrained preventing optimization. Please run opt_design with -debug_log to get more detail. 

Phase 6 BUFG optimization
Phase 6 BUFG optimization | Checksum: 2026111ce

Time (s): cpu = 00:00:18 ; elapsed = 00:00:09 . Memory (MB): peak = 2960.410 ; gain = 55.828 ; free physical = 1018 ; free virtual = 11889
BUFG optimization | Checksum: 2026111ce
INFO: [Opt 31-662] Phase BUFG optimization created 0 cells of which 0 are BUFGs and removed 0 cells.

Phase 7 Shift Register Optimization
INFO: [Opt 31-1064] SRL Remap converted 0 SRLs to 0 registers and converted 0 registers of register chains to 0 SRLs
Phase 7 Shift Register Optimization | Checksum: 2026111ce

Time (s): cpu = 00:00:18 ; elapsed = 00:00:09 . Memory (MB): peak = 2960.410 ; gain = 55.828 ; free physical = 1018 ; free virtual = 11889
Shift Register Optimization | Checksum: 2026111ce
INFO: [Opt 31-389] Phase Shift Register Optimization created 0 cells and removed 0 cells

Phase 8 Post Processing Netlist
Phase 8 Post Processing Netlist | Checksum: 2026111ce

Time (s): cpu = 00:00:18 ; elapsed = 00:00:09 . Memory (MB): peak = 2960.410 ; gain = 55.828 ; free physical = 1018 ; free virtual = 11889
Post Processing Netlist | Checksum: 2026111ce
INFO: [Opt 31-389] Phase Post Processing Netlist created 0 cells and removed 0 cells
INFO: [Opt 31-1021] In phase Post Processing Netlist, 155 netlist objects are constrained preventing optimization. Please run opt_design with -debug_log to get more detail. 

Phase 9 Finalization

Phase 9.1 Finalizing Design Cores and Updating Shapes
Phase 9.1 Finalizing Design Cores and Updating Shapes | Checksum: 21dc98da7

Time (s): cpu = 00:00:18 ; elapsed = 00:00:09 . Memory (MB): peak = 2960.410 ; gain = 55.828 ; free physical = 1026 ; free virtual = 11889

Phase 9.2 Verifying Netlist Connectivity

Starting Connectivity Check Task

Time (s): cpu = 00:00:00 ; elapsed = 00:00:00.01 . Memory (MB): peak = 2960.410 ; gain = 0.000 ; free physical = 1026 ; free virtual = 11889
Phase 9.2 Verifying Netlist Connectivity | Checksum: 21dc98da7

Time (s): cpu = 00:00:18 ; elapsed = 00:00:09 . Memory (MB): peak = 2960.410 ; gain = 55.828 ; free physical = 1026 ; free virtual = 11889
Phase 9 Finalization | Checksum: 21dc98da7

Time (s): cpu = 00:00:18 ; elapsed = 00:00:09 . Memory (MB): peak = 2960.410 ; gain = 55.828 ; free physical = 1026 ; free virtual = 11889
Opt_design Change Summary
=========================


-------------------------------------------------------------------------------------------------------------------------
|  Phase                        |  #Cells created  |  #Cells Removed  |  #Constrained objects preventing optimizations  |
-------------------------------------------------------------------------------------------------------------------------
|  Retarget                     |               3  |              10  |                                            147  |
|  Constant propagation         |               0  |               0  |                                            147  |
|  Sweep                        |               2  |               0  |                                           1304  |
|  BUFG optimization            |               0  |               0  |                                              0  |
|  Shift Register Optimization  |               0  |               0  |                                              0  |
|  Post Processing Netlist      |               0  |               0  |                                            155  |
-------------------------------------------------------------------------------------------------------------------------


Ending Logic Optimization Task | Checksum: 21dc98da7

Time (s): cpu = 00:00:18 ; elapsed = 00:00:09 . Memory (MB): peak = 2960.410 ; gain = 55.828 ; free physical = 1026 ; free virtual = 11889

Starting Power Optimization Task
INFO: [Pwropt 34-132] Skipping clock gating for clocks with a period < 2.00 ns.
Ending Power Optimization Task | Checksum: 21dc98da7

Time (s): cpu = 00:00:00 ; elapsed = 00:00:00.02 . Memory (MB): peak = 2960.410 ; gain = 0.000 ; free physical = 1027 ; free virtual = 11889

Starting Final Cleanup Task
Ending Final Cleanup Task | Checksum: 21dc98da7

Time (s): cpu = 00:00:00 ; elapsed = 00:00:00 . Memory (MB): peak = 2960.410 ; gain = 0.000 ; free physical = 1027 ; free virtual = 11889
Netlist sorting complete. Time (s): cpu = 00:00:00 ; elapsed = 00:00:00 . Memory (MB): peak = 2960.410 ; gain = 0.000 ; free physical = 1027 ; free virtual = 11889
INFO: [Common 17-83] Releasing license: Implementation
44 Infos, 0 Warnings, 0 Critical Warnings and 0 Errors encountered.
opt_design completed successfully
INFO: [Common 17-600] The following parameters have non-default value.
tcl.statsThreshold
INFO: [Vivado 12-24828] Executing command : report_drc -file crc_top_drc_opted.rpt -pb crc_top_drc_opted.pb -rpx crc_top_drc_opted.rpx
Command: report_drc -file crc_top_drc_opted.rpt -pb crc_top_drc_opted.pb -rpx crc_top_drc_opted.rpx
INFO: [IP_Flow 19-1839] IP Catalog is up to date.
INFO: [DRC 23-27] Running DRC with 8 threads
INFO: [Vivado_Tcl 2-168] The results of DRC are in file /home/agnibha/Documents/acads/Reconfig/Lab Assignments/Lab 2/CRC16/CRC16.runs/impl_1/crc_top_drc_opted.rpt.
report_drc completed successfully
INFO: [Timing 38-480] Writing timing data to binary archive.
Wrote PlaceDB: Time (s): cpu = 00:00:00 ; elapsed = 00:00:00 . Memory (MB): peak = 2960.410 ; gain = 0.000 ; free physical = 1006 ; free virtual = 11882
Wrote PulsedLatchDB: Time (s): cpu = 00:00:00 ; elapsed = 00:00:00 . Memory (MB): peak = 2960.410 ; gain = 0.000 ; free physical = 1006 ; free virtual = 11882
Writing XDEF routing.
Write ShapeDB Complete: Time (s): cpu = 00:00:00.01 ; elapsed = 00:00:00 . Memory (MB): peak = 2960.410 ; gain = 0.000 ; free physical = 1006 ; free virtual = 11882
Writing XDEF routing logical nets.
Writing XDEF routing special nets.
Wrote RouteStorage: Time (s): cpu = 00:00:00.06 ; elapsed = 00:00:00.02 . Memory (MB): peak = 2960.410 ; gain = 0.000 ; free physical = 1006 ; free virtual = 11882
Wrote PlaceStorage: Time (s): cpu = 00:00:00 ; elapsed = 00:00:00 . Memory (MB): peak = 2960.410 ; gain = 0.000 ; free physical = 1006 ; free virtual = 11882
Wrote Netlist Cache: Time (s): cpu = 00:00:00 ; elapsed = 00:00:00 . Memory (MB): peak = 2960.410 ; gain = 0.000 ; free physical = 1006 ; free virtual = 11882
Wrote Device Cache: Time (s): cpu = 00:00:00.01 ; elapsed = 00:00:00 . Memory (MB): peak = 2960.410 ; gain = 0.000 ; free physical = 1006 ; free virtual = 11882
Write Physdb Complete: Time (s): cpu = 00:00:00.09 ; elapsed = 00:00:00.03 . Memory (MB): peak = 2960.410 ; gain = 0.000 ; free physical = 1006 ; free virtual = 11882
INFO: [Common 17-1381] The checkpoint '/home/agnibha/Documents/acads/Reconfig/Lab Assignments/Lab 2/CRC16/CRC16.runs/impl_1/crc_top_opt.dcp' has been generated.
INFO: [Chipscope 16-240] Debug cores have already been implemented
Command: place_design
Attempting to get a license for feature 'Implementation' and/or device 'xc7z020'
INFO: [Common 17-349] Got license for feature 'Implementation' and/or device 'xc7z020'
INFO: [Common 17-83] Releasing license: Implementation
INFO: [DRC 23-27] Running DRC with 8 threads
INFO: [Vivado_Tcl 4-198] DRC finished with 0 Errors
INFO: [Vivado_Tcl 4-199] Please refer to the DRC report (report_drc) for more information.
INFO: [Timing 38-35] Done setting XDC timing constraints.
Running DRC as a precondition to command place_design
INFO: [DRC 23-27] Running DRC with 8 threads
INFO: [Vivado_Tcl 4-198] DRC finished with 0 Errors
INFO: [Vivado_Tcl 4-199] Please refer to the DRC report (report_drc) for more information.
INFO: [Place 30-611] Multithreading enabled for place_design using a maximum of 8 CPUs

Starting Placer Task

Phase 1 Placer Initialization

Phase 1.1 Placer Initialization Netlist Sorting
Netlist sorting complete. Time (s): cpu = 00:00:00 ; elapsed = 00:00:00 . Memory (MB): peak = 2960.410 ; gain = 0.000 ; free physical = 990 ; free virtual = 11874
Phase 1.1 Placer Initialization Netlist Sorting | Checksum: 1617109ab

Time (s): cpu = 00:00:00 ; elapsed = 00:00:00 . Memory (MB): peak = 2960.410 ; gain = 0.000 ; free physical = 990 ; free virtual = 11874
Netlist sorting complete. Time (s): cpu = 00:00:00 ; elapsed = 00:00:00.01 . Memory (MB): peak = 2960.410 ; gain = 0.000 ; free physical = 990 ; free virtual = 11874

Phase 1.2 IO Placement/ Clock Placement/ Build Placer Device
Phase 1.2 IO Placement/ Clock Placement/ Build Placer Device | Checksum: fac15389

Time (s): cpu = 00:00:00.57 ; elapsed = 00:00:00.25 . Memory (MB): peak = 2960.410 ; gain = 0.000 ; free physical = 988 ; free virtual = 11872

Phase 1.3 Build Placer Netlist Model
Phase 1.3 Build Placer Netlist Model | Checksum: 1ca9f5d71

Time (s): cpu = 00:00:02 ; elapsed = 00:00:00.56 . Memory (MB): peak = 2999.453 ; gain = 39.043 ; free physical = 987 ; free virtual = 11872

Phase 1.4 Constrain Clocks/Macros
Phase 1.4 Constrain Clocks/Macros | Checksum: 1ca9f5d71

Time (s): cpu = 00:00:02 ; elapsed = 00:00:00.57 . Memory (MB): peak = 2999.453 ; gain = 39.043 ; free physical = 987 ; free virtual = 11872
Phase 1 Placer Initialization | Checksum: 1ca9f5d71

Time (s): cpu = 00:00:02 ; elapsed = 00:00:00.57 . Memory (MB): peak = 2999.453 ; gain = 39.043 ; free physical = 987 ; free virtual = 11872

Phase 2 Global Placement

Phase 2.1 Floorplanning
Phase 2.1 Floorplanning | Checksum: 1ed60a196

Time (s): cpu = 00:00:02 ; elapsed = 00:00:00.69 . Memory (MB): peak = 2999.453 ; gain = 39.043 ; free physical = 978 ; free virtual = 11863

Phase 2.2 Update Timing before SLR Path Opt
Phase 2.2 Update Timing before SLR Path Opt | Checksum: 1b3f3d5a9

Time (s): cpu = 00:00:03 ; elapsed = 00:00:00.77 . Memory (MB): peak = 2999.453 ; gain = 39.043 ; free physical = 974 ; free virtual = 11858

Phase 2.3 Post-Processing in Floorplanning
Phase 2.3 Post-Processing in Floorplanning | Checksum: 1b3f3d5a9

Time (s): cpu = 00:00:03 ; elapsed = 00:00:00.78 . Memory (MB): peak = 2999.453 ; gain = 39.043 ; free physical = 974 ; free virtual = 11858

Phase 2.4 Global Place Phase1
Phase 2.4 Global Place Phase1 | Checksum: 1d2140ff3

Time (s): cpu = 00:00:07 ; elapsed = 00:00:02 . Memory (MB): peak = 2999.453 ; gain = 39.043 ; free physical = 902 ; free virtual = 11780

Phase 2.5 Global Place Phase2

Phase 2.5.1 UpdateTiming Before Physical Synthesis
Phase 2.5.1 UpdateTiming Before Physical Synthesis | Checksum: 10cbde514

Time (s): cpu = 00:00:08 ; elapsed = 00:00:02 . Memory (MB): peak = 2999.453 ; gain = 39.043 ; free physical = 901 ; free virtual = 11779

Phase 2.5.2 Physical Synthesis In Placer
INFO: [Physopt 32-1035] Found 0 LUTNM shape to break, 111 LUT instances to create LUTNM shape
INFO: [Physopt 32-1044] Break lutnm for timing: one critical 0, two critical 0, total 0, new lutff created 0
INFO: [Physopt 32-1138] End 1 Pass. Optimized 46 nets or LUTs. Breaked 0 LUT, combined 46 existing LUTs and moved 0 existing LUT
INFO: [Physopt 32-65] No nets found for high-fanout optimization.
INFO: [Physopt 32-232] Optimized 0 net. Created 0 new instance.
INFO: [Physopt 32-775] End 1 Pass. Optimized 0 net or cell. Created 0 new cell, deleted 0 existing cell and moved 0 existing cell
INFO: [Physopt 32-670] No setup violation found.  DSP Register Optimization was not performed.
INFO: [Physopt 32-670] No setup violation found.  Shift Register to Pipeline Optimization was not performed.
INFO: [Physopt 32-670] No setup violation found.  Shift Register Optimization was not performed.
INFO: [Physopt 32-670] No setup violation found.  BRAM Register Optimization was not performed.
INFO: [Physopt 32-670] No setup violation found.  URAM Register Optimization was not performed.
INFO: [Physopt 32-949] No candidate nets found for dynamic/static region interface net replication
INFO: [Physopt 32-775] End 1 Pass. Optimized 0 net or cell. Created 0 new cell, deleted 0 existing cell and moved 0 existing cell
Netlist sorting complete. Time (s): cpu = 00:00:00 ; elapsed = 00:00:00 . Memory (MB): peak = 2999.453 ; gain = 0.000 ; free physical = 901 ; free virtual = 11780

Summary of Physical Synthesis Optimizations
============================================


-----------------------------------------------------------------------------------------------------------------------------------------------------------
|  Optimization                                     |  Added Cells  |  Removed Cells  |  Optimized Cells/Nets  |  Dont Touch  |  Iterations  |  Elapsed   |
-----------------------------------------------------------------------------------------------------------------------------------------------------------
|  LUT Combining                                    |            0  |             46  |                    46  |           0  |           1  |  00:00:00  |
|  Retime                                           |            0  |              0  |                     0  |           0  |           1  |  00:00:00  |
|  Very High Fanout                                 |            0  |              0  |                     0  |           0  |           1  |  00:00:00  |
|  DSP Register                                     |            0  |              0  |                     0  |           0  |           0  |  00:00:00  |
|  Shift Register to Pipeline                       |            0  |              0  |                     0  |           0  |           0  |  00:00:00  |
|  Shift Register                                   |            0  |              0  |                     0  |           0  |           0  |  00:00:00  |
|  BRAM Register                                    |            0  |              0  |                     0  |           0  |           0  |  00:00:00  |
|  URAM Register                                    |            0  |              0  |                     0  |           0  |           0  |  00:00:00  |
|  Dynamic/Static Region Interface Net Replication  |            0  |              0  |                     0  |           0  |           1  |  00:00:00  |
|  Total                                            |            0  |             46  |                    46  |           0  |           4  |  00:00:00  |
-----------------------------------------------------------------------------------------------------------------------------------------------------------


Phase 2.5.2 Physical Synthesis In Placer | Checksum: 1d1c7f27c

Time (s): cpu = 00:00:09 ; elapsed = 00:00:02 . Memory (MB): peak = 2999.453 ; gain = 39.043 ; free physical = 901 ; free virtual = 11780
Phase 2.5 Global Place Phase2 | Checksum: 1323bf422

Time (s): cpu = 00:00:09 ; elapsed = 00:00:02 . Memory (MB): peak = 2999.453 ; gain = 39.043 ; free physical = 900 ; free virtual = 11779
Phase 2 Global Placement | Checksum: 1323bf422

Time (s): cpu = 00:00:09 ; elapsed = 00:00:02 . Memory (MB): peak = 2999.453 ; gain = 39.043 ; free physical = 900 ; free virtual = 11779

Phase 3 Detail Placement

Phase 3.1 Commit Multi Column Macros
Phase 3.1 Commit Multi Column Macros | Checksum: 209452137

Time (s): cpu = 00:00:10 ; elapsed = 00:00:03 . Memory (MB): peak = 2999.453 ; gain = 39.043 ; free physical = 897 ; free virtual = 11788

Phase 3.2 Commit Most Macros & LUTRAMs
Phase 3.2 Commit Most Macros & LUTRAMs | Checksum: 817eacdf

Time (s): cpu = 00:00:10 ; elapsed = 00:00:03 . Memory (MB): peak = 2999.453 ; gain = 39.043 ; free physical = 897 ; free virtual = 11788

Phase 3.3 Area Swap Optimization
Phase 3.3 Area Swap Optimization | Checksum: 10bdccfbb

Time (s): cpu = 00:00:10 ; elapsed = 00:00:03 . Memory (MB): peak = 2999.453 ; gain = 39.043 ; free physical = 897 ; free virtual = 11788

Phase 3.4 Pipeline Register Optimization
Phase 3.4 Pipeline Register Optimization | Checksum: 6c16e749

Time (s): cpu = 00:00:10 ; elapsed = 00:00:03 . Memory (MB): peak = 2999.453 ; gain = 39.043 ; free physical = 897 ; free virtual = 11788

Phase 3.5 Small Shape Detail Placement
Phase 3.5 Small Shape Detail Placement | Checksum: feee128b

Time (s): cpu = 00:00:12 ; elapsed = 00:00:03 . Memory (MB): peak = 2999.453 ; gain = 39.043 ; free physical = 900 ; free virtual = 11789

Phase 3.6 Re-assign LUT pins
Phase 3.6 Re-assign LUT pins | Checksum: 13fd97fe3

Time (s): cpu = 00:00:12 ; elapsed = 00:00:03 . Memory (MB): peak = 2999.453 ; gain = 39.043 ; free physical = 901 ; free virtual = 11789

Phase 3.7 Pipeline Register Optimization
Phase 3.7 Pipeline Register Optimization | Checksum: db23a88d

Time (s): cpu = 00:00:12 ; elapsed = 00:00:04 . Memory (MB): peak = 2999.453 ; gain = 39.043 ; free physical = 901 ; free virtual = 11789
Phase 3 Detail Placement | Checksum: db23a88d

Time (s): cpu = 00:00:12 ; elapsed = 00:00:04 . Memory (MB): peak = 2999.453 ; gain = 39.043 ; free physical = 901 ; free virtual = 11789

Phase 4 Post Placement Optimization and Clean-Up

Phase 4.1 Post Commit Optimization
INFO: [Timing 38-35] Done setting XDC timing constraints.

Phase 4.1.1 Post Placement Optimization
Post Placement Optimization Initialization | Checksum: 1c5f14b43

Phase 4.1.1.1 BUFG Insertion

Starting Physical Synthesis Task

Phase 1 Physical Synthesis Initialization
INFO: [Physopt 32-721] Multithreading enabled for phys_opt_design using a maximum of 8 CPUs
INFO: [Physopt 32-619] Estimated Timing Summary | WNS=3.597 | TNS=0.000 |
Phase 1 Physical Synthesis Initialization | Checksum: 20dfcf839

Time (s): cpu = 00:00:00.14 ; elapsed = 00:00:00.03 . Memory (MB): peak = 2999.453 ; gain = 0.000 ; free physical = 901 ; free virtual = 11789
INFO: [Place 46-56] BUFG insertion identified 0 candidate nets. Inserted BUFG: 0, Replicated BUFG Driver: 0, Skipped due to Placement/Routing Conflicts: 0, Skipped due to Timing Degradation: 0, Skipped due to netlist editing failed: 0.
Ending Physical Synthesis Task | Checksum: 1ed3af6ba

Time (s): cpu = 00:00:00.15 ; elapsed = 00:00:00.04 . Memory (MB): peak = 2999.453 ; gain = 0.000 ; free physical = 901 ; free virtual = 11789
Phase 4.1.1.1 BUFG Insertion | Checksum: 1c5f14b43

Time (s): cpu = 00:00:13 ; elapsed = 00:00:04 . Memory (MB): peak = 2999.453 ; gain = 39.043 ; free physical = 901 ; free virtual = 11789

Phase 4.1.1.2 Post Placement Timing Optimization
INFO: [Place 30-746] Post Placement Timing Summary WNS=3.597. For the most accurate timing information please run report_timing.
Phase 4.1.1.2 Post Placement Timing Optimization | Checksum: 21e971c69

Time (s): cpu = 00:00:13 ; elapsed = 00:00:04 . Memory (MB): peak = 2999.453 ; gain = 39.043 ; free physical = 901 ; free virtual = 11789

Time (s): cpu = 00:00:13 ; elapsed = 00:00:04 . Memory (MB): peak = 2999.453 ; gain = 39.043 ; free physical = 901 ; free virtual = 11789
Phase 4.1 Post Commit Optimization | Checksum: 21e971c69

Time (s): cpu = 00:00:13 ; elapsed = 00:00:04 . Memory (MB): peak = 2999.453 ; gain = 39.043 ; free physical = 901 ; free virtual = 11789

Phase 4.2 Post Placement Cleanup
Phase 4.2 Post Placement Cleanup | Checksum: 21e971c69

Time (s): cpu = 00:00:13 ; elapsed = 00:00:04 . Memory (MB): peak = 2999.453 ; gain = 39.043 ; free physical = 901 ; free virtual = 11789

Phase 4.3 Placer Reporting

Phase 4.3.1 Print Estimated Congestion
INFO: [Place 30-612] Post-Placement Estimated Congestion 
 ____________________________________________________
|           | Global Congestion | Short Congestion  |
| Direction | Region Size       | Region Size       |
|___________|___________________|___________________|
|      North|                1x1|                1x1|
|___________|___________________|___________________|
|      South|                1x1|                1x1|
|___________|___________________|___________________|
|       East|                1x1|                1x1|
|___________|___________________|___________________|
|       West|                1x1|                1x1|
|___________|___________________|___________________|

Phase 4.3.1 Print Estimated Congestion | Checksum: 21e971c69

Time (s): cpu = 00:00:13 ; elapsed = 00:00:04 . Memory (MB): peak = 2999.453 ; gain = 39.043 ; free physical = 901 ; free virtual = 11789
Phase 4.3 Placer Reporting | Checksum: 21e971c69

Time (s): cpu = 00:00:13 ; elapsed = 00:00:04 . Memory (MB): peak = 2999.453 ; gain = 39.043 ; free physical = 901 ; free virtual = 11789

Phase 4.4 Final Placement Cleanup
Netlist sorting complete. Time (s): cpu = 00:00:00 ; elapsed = 00:00:00 . Memory (MB): peak = 2999.453 ; gain = 0.000 ; free physical = 901 ; free virtual = 11789

Time (s): cpu = 00:00:13 ; elapsed = 00:00:04 . Memory (MB): peak = 2999.453 ; gain = 39.043 ; free physical = 901 ; free virtual = 11789
Phase 4 Post Placement Optimization and Clean-Up | Checksum: 241928f7a

Time (s): cpu = 00:00:13 ; elapsed = 00:00:04 . Memory (MB): peak = 2999.453 ; gain = 39.043 ; free physical = 901 ; free virtual = 11789
Ending Placer Task | Checksum: 153dde5cf

Time (s): cpu = 00:00:13 ; elapsed = 00:00:04 . Memory (MB): peak = 2999.453 ; gain = 39.043 ; free physical = 901 ; free virtual = 11789
81 Infos, 0 Warnings, 0 Critical Warnings and 0 Errors encountered.
place_design completed successfully
INFO: [Common 17-600] The following parameters have non-default value.
tcl.statsThreshold
INFO: [Vivado 12-24838] Running report commands "report_control_sets, report_io, report_utilization" in parallel.
Running report generation with 3 threads.
INFO: [Vivado 12-24828] Executing command : report_control_sets -verbose -file crc_top_control_sets_placed.rpt
report_control_sets: Time (s): cpu = 00:00:00.09 ; elapsed = 00:00:00.07 . Memory (MB): peak = 2999.453 ; gain = 0.000 ; free physical = 894 ; free virtual = 11782
INFO: [Vivado 12-24828] Executing command : report_utilization -file crc_top_utilization_placed.rpt -pb crc_top_utilization_placed.pb
INFO: [Vivado 12-24828] Executing command : report_io -file crc_top_io_placed.rpt
report_io: Time (s): cpu = 00:00:00.17 ; elapsed = 00:00:00.18 . Memory (MB): peak = 2999.453 ; gain = 0.000 ; free physical = 898 ; free virtual = 11786
INFO: [Timing 38-480] Writing timing data to binary archive.
Wrote PlaceDB: Time (s): cpu = 00:00:00 ; elapsed = 00:00:00 . Memory (MB): peak = 2999.453 ; gain = 0.000 ; free physical = 898 ; free virtual = 11786
Wrote PulsedLatchDB: Time (s): cpu = 00:00:00 ; elapsed = 00:00:00 . Memory (MB): peak = 2999.453 ; gain = 0.000 ; free physical = 898 ; free virtual = 11786
Writing XDEF routing.
Write ShapeDB Complete: Time (s): cpu = 00:00:00.02 ; elapsed = 00:00:00.01 . Memory (MB): peak = 2999.453 ; gain = 0.000 ; free physical = 898 ; free virtual = 11787
Writing XDEF routing logical nets.
Writing XDEF routing special nets.
Wrote RouteStorage: Time (s): cpu = 00:00:00.07 ; elapsed = 00:00:00.01 . Memory (MB): peak = 2999.453 ; gain = 0.000 ; free physical = 898 ; free virtual = 11787
Wrote PlaceStorage: Time (s): cpu = 00:00:00.21 ; elapsed = 00:00:00.06 . Memory (MB): peak = 2999.453 ; gain = 0.000 ; free physical = 898 ; free virtual = 11789
Wrote Netlist Cache: Time (s): cpu = 00:00:00.01 ; elapsed = 00:00:00 . Memory (MB): peak = 2999.453 ; gain = 0.000 ; free physical = 898 ; free virtual = 11789
Wrote Device Cache: Time (s): cpu = 00:00:00.01 ; elapsed = 00:00:00.01 . Memory (MB): peak = 2999.453 ; gain = 0.000 ; free physical = 897 ; free virtual = 11789
Write Physdb Complete: Time (s): cpu = 00:00:00.31 ; elapsed = 00:00:00.09 . Memory (MB): peak = 2999.453 ; gain = 0.000 ; free physical = 897 ; free virtual = 11789
INFO: [Common 17-1381] The checkpoint '/home/agnibha/Documents/acads/Reconfig/Lab Assignments/Lab 2/CRC16/CRC16.runs/impl_1/crc_top_placed.dcp' has been generated.
Command: phys_opt_design
Attempting to get a license for feature 'Implementation' and/or device 'xc7z020'
INFO: [Common 17-349] Got license for feature 'Implementation' and/or device 'xc7z020'

Starting Initial Update Timing Task

Time (s): cpu = 00:00:00.79 ; elapsed = 00:00:00.18 . Memory (MB): peak = 2999.453 ; gain = 0.000 ; free physical = 893 ; free virtual = 11785
INFO: [Vivado_Tcl 4-2279] Estimated Timing Summary | WNS= 3.597 | TNS= 0.000 | 
INFO: [Vivado_Tcl 4-383] Design worst setup slack (WNS) is greater than or equal to 0.000 ns. All physical synthesis setup optimizations will be skipped.
INFO: [Vivado_Tcl 4-232] No setup violation found. The netlist was not modified.
INFO: [Common 17-83] Releasing license: Implementation
93 Infos, 0 Warnings, 0 Critical Warnings and 0 Errors encountered.
phys_opt_design completed successfully
INFO: [Common 17-600] The following parameters have non-default value.
tcl.statsThreshold
INFO: [Timing 38-480] Writing timing data to binary archive.
Wrote PlaceDB: Time (s): cpu = 00:00:00 ; elapsed = 00:00:00 . Memory (MB): peak = 2999.453 ; gain = 0.000 ; free physical = 893 ; free virtual = 11785
Wrote PulsedLatchDB: Time (s): cpu = 00:00:00 ; elapsed = 00:00:00 . Memory (MB): peak = 2999.453 ; gain = 0.000 ; free physical = 893 ; free virtual = 11785
Writing XDEF routing.
Write ShapeDB Complete: Time (s): cpu = 00:00:00.03 ; elapsed = 00:00:00.01 . Memory (MB): peak = 2999.453 ; gain = 0.000 ; free physical = 893 ; free virtual = 11785
Writing XDEF routing logical nets.
Writing XDEF routing special nets.
Wrote RouteStorage: Time (s): cpu = 00:00:00.06 ; elapsed = 00:00:00.02 . Memory (MB): peak = 2999.453 ; gain = 0.000 ; free physical = 893 ; free virtual = 11785
Wrote PlaceStorage: Time (s): cpu = 00:00:00.21 ; elapsed = 00:00:00.06 . Memory (MB): peak = 2999.453 ; gain = 0.000 ; free physical = 893 ; free virtual = 11786
Wrote Netlist Cache: Time (s): cpu = 00:00:00 ; elapsed = 00:00:00 . Memory (MB): peak = 2999.453 ; gain = 0.000 ; free physical = 893 ; free virtual = 11786
Wrote Device Cache: Time (s): cpu = 00:00:00.01 ; elapsed = 00:00:00 . Memory (MB): peak = 2999.453 ; gain = 0.000 ; free physical = 893 ; free virtual = 11786
Write Physdb Complete: Time (s): cpu = 00:00:00.29 ; elapsed = 00:00:00.09 . Memory (MB): peak = 2999.453 ; gain = 0.000 ; free physical = 893 ; free virtual = 11786
INFO: [Common 17-1381] The checkpoint '/home/agnibha/Documents/acads/Reconfig/Lab Assignments/Lab 2/CRC16/CRC16.runs/impl_1/crc_top_physopt.dcp' has been generated.
Command: route_design
Attempting to get a license for feature 'Implementation' and/or device 'xc7z020'
INFO: [Common 17-349] Got license for feature 'Implementation' and/or device 'xc7z020'


Starting Routing Task
INFO: [Route 35-254] Multithreading enabled for route_design using a maximum of 8 CPUs

Phase 1 Build RT Design
Checksum: PlaceDB: 5e536416 ConstDB: 0 ShapeSum: df910ec9 RouteDB: 15f972f0
Post Restoration Checksum: NetGraph: 125d08dc | NumContArr: fd64e1ae | Constraints: c2a8fa9d | Timing: c2a8fa9d
Phase 1 Build RT Design | Checksum: 29513dfc4

Time (s): cpu = 00:00:18 ; elapsed = 00:00:15 . Memory (MB): peak = 2999.453 ; gain = 0.000 ; free physical = 985 ; free virtual = 11827

Phase 2 Router Initialization

Phase 2.1 Fix Topology Constraints
Phase 2.1 Fix Topology Constraints | Checksum: 29513dfc4

Time (s): cpu = 00:00:18 ; elapsed = 00:00:15 . Memory (MB): peak = 2999.453 ; gain = 0.000 ; free physical = 985 ; free virtual = 11827

Phase 2.2 Pre Route Cleanup
Phase 2.2 Pre Route Cleanup | Checksum: 29513dfc4

Time (s): cpu = 00:00:18 ; elapsed = 00:00:15 . Memory (MB): peak = 2999.453 ; gain = 0.000 ; free physical = 985 ; free virtual = 11827
 Number of Nodes with overlaps = 0

Phase 2.3 Update Timing
Phase 2.3 Update Timing | Checksum: 1dfc857ec

Time (s): cpu = 00:00:20 ; elapsed = 00:00:15 . Memory (MB): peak = 2999.453 ; gain = 0.000 ; free physical = 988 ; free virtual = 11828
INFO: [Route 35-416] Intermediate Timing Summary | WNS=3.667  | TNS=0.000  | WHS=-0.150 | THS=-82.725|


Phase 2.4 Update Timing for Bus Skew

Phase 2.4.1 Update Timing
Phase 2.4.1 Update Timing | Checksum: 1bede7258

Time (s): cpu = 00:00:22 ; elapsed = 00:00:16 . Memory (MB): peak = 2999.453 ; gain = 0.000 ; free physical = 988 ; free virtual = 11828
INFO: [Route 35-416] Intermediate Timing Summary | WNS=3.667  | TNS=0.000  | WHS=0.070  | THS=0.000  |

Phase 2.4 Update Timing for Bus Skew | Checksum: 1aa995c6a

Time (s): cpu = 00:00:22 ; elapsed = 00:00:16 . Memory (MB): peak = 2999.453 ; gain = 0.000 ; free physical = 990 ; free virtual = 11830

Phase 2.5 Soft Constraint Pins - Fast Budgeting
Phase 2.5 Soft Constraint Pins - Fast Budgeting | Checksum: 1aa995c6a

Time (s): cpu = 00:00:22 ; elapsed = 00:00:16 . Memory (MB): peak = 2999.453 ; gain = 0.000 ; free physical = 990 ; free virtual = 11830

Router Utilization Summary
  Global Vertical Routing Utilization    = 0 %
  Global Horizontal Routing Utilization  = 0 %
  Routable Net Status*
  *Does not include unroutable nets such as driverless and loadless.
  Run report_route_status for detailed report.
  Number of Failed Nets               = 2639
    (Failed Nets is the sum of unrouted and partially routed nets)
  Number of Unrouted Nets             = 2639
  Number of Partially Routed Nets     = 0
  Number of Node Overlaps             = 0

Phase 2 Router Initialization | Checksum: 1aa995c6a

Time (s): cpu = 00:00:23 ; elapsed = 00:00:16 . Memory (MB): peak = 2999.453 ; gain = 0.000 ; free physical = 988 ; free virtual = 11828

Phase 3 Global Routing
Phase 3 Global Routing | Checksum: 1aa995c6a

Time (s): cpu = 00:00:23 ; elapsed = 00:00:16 . Memory (MB): peak = 2999.453 ; gain = 0.000 ; free physical = 988 ; free virtual = 11828

Phase 4 Initial Routing

Phase 4.1 Initial Net Routing Pass
Phase 4.1 Initial Net Routing Pass | Checksum: 1d8e28e66

Time (s): cpu = 00:00:24 ; elapsed = 00:00:16 . Memory (MB): peak = 2999.453 ; gain = 0.000 ; free physical = 988 ; free virtual = 11828
Phase 4 Initial Routing | Checksum: 1d8e28e66

Time (s): cpu = 00:00:24 ; elapsed = 00:00:16 . Memory (MB): peak = 2999.453 ; gain = 0.000 ; free physical = 988 ; free virtual = 11828

Phase 5 Rip-up And Reroute

Phase 5.1 Global Iteration 0
 Number of Nodes with overlaps = 182
 Number of Nodes with overlaps = 20
 Number of Nodes with overlaps = 2
 Number of Nodes with overlaps = 0
INFO: [Route 35-416] Intermediate Timing Summary | WNS=3.566  | TNS=0.000  | WHS=N/A    | THS=N/A    |

Phase 5.1 Global Iteration 0 | Checksum: 2210d15e3

Time (s): cpu = 00:00:25 ; elapsed = 00:00:17 . Memory (MB): peak = 2999.453 ; gain = 0.000 ; free physical = 988 ; free virtual = 11828

Phase 5.2 Global Iteration 1
 Number of Nodes with overlaps = 0
INFO: [Route 35-416] Intermediate Timing Summary | WNS=3.566  | TNS=0.000  | WHS=N/A    | THS=N/A    |

Phase 5.2 Global Iteration 1 | Checksum: 272b254ff

Time (s): cpu = 00:00:25 ; elapsed = 00:00:17 . Memory (MB): peak = 2999.453 ; gain = 0.000 ; free physical = 988 ; free virtual = 11828
Phase 5 Rip-up And Reroute | Checksum: 272b254ff

Time (s): cpu = 00:00:25 ; elapsed = 00:00:17 . Memory (MB): peak = 2999.453 ; gain = 0.000 ; free physical = 988 ; free virtual = 11828

Phase 6 Delay and Skew Optimization

Phase 6.1 Delay CleanUp

Phase 6.1.1 Update Timing
Phase 6.1.1 Update Timing | Checksum: 25a77546f

Time (s): cpu = 00:00:26 ; elapsed = 00:00:17 . Memory (MB): peak = 2999.453 ; gain = 0.000 ; free physical = 988 ; free virtual = 11828
INFO: [Route 35-416] Intermediate Timing Summary | WNS=3.681  | TNS=0.000  | WHS=N/A    | THS=N/A    |

Phase 6.1 Delay CleanUp | Checksum: 1f71d53bc

Time (s): cpu = 00:00:26 ; elapsed = 00:00:17 . Memory (MB): peak = 2999.453 ; gain = 0.000 ; free physical = 988 ; free virtual = 11828

Phase 6.2 Clock Skew Optimization
Phase 6.2 Clock Skew Optimization | Checksum: 1f71d53bc

Time (s): cpu = 00:00:26 ; elapsed = 00:00:17 . Memory (MB): peak = 2999.453 ; gain = 0.000 ; free physical = 988 ; free virtual = 11828
Phase 6 Delay and Skew Optimization | Checksum: 1f71d53bc

Time (s): cpu = 00:00:26 ; elapsed = 00:00:17 . Memory (MB): peak = 2999.453 ; gain = 0.000 ; free physical = 988 ; free virtual = 11828

Phase 7 Post Hold Fix

Phase 7.1 Hold Fix Iter
INFO: [Route 35-416] Intermediate Timing Summary | WNS=3.681  | TNS=0.000  | WHS=0.077  | THS=0.000  |

Phase 7.1 Hold Fix Iter | Checksum: 25f800f0c

Time (s): cpu = 00:00:26 ; elapsed = 00:00:17 . Memory (MB): peak = 2999.453 ; gain = 0.000 ; free physical = 988 ; free virtual = 11828
Phase 7 Post Hold Fix | Checksum: 25f800f0c

Time (s): cpu = 00:00:26 ; elapsed = 00:00:17 . Memory (MB): peak = 2999.453 ; gain = 0.000 ; free physical = 988 ; free virtual = 11828

Phase 8 Route finalize

Router Utilization Summary
  Global Vertical Routing Utilization    = 0.277467 %
  Global Horizontal Routing Utilization  = 0.355477 %
  Routable Net Status*
  *Does not include unroutable nets such as driverless and loadless.
  Run report_route_status for detailed report.
  Number of Failed Nets               = 0
    (Failed Nets is the sum of unrouted and partially routed nets)
  Number of Unrouted Nets             = 0
  Number of Partially Routed Nets     = 0
  Number of Node Overlaps             = 0

Phase 8 Route finalize | Checksum: 25f800f0c

Time (s): cpu = 00:00:26 ; elapsed = 00:00:17 . Memory (MB): peak = 2999.453 ; gain = 0.000 ; free physical = 988 ; free virtual = 11828

Phase 9 Verifying routed nets

 Verification completed successfully
Phase 9 Verifying routed nets | Checksum: 25f800f0c

Time (s): cpu = 00:00:26 ; elapsed = 00:00:17 . Memory (MB): peak = 2999.453 ; gain = 0.000 ; free physical = 988 ; free virtual = 11828

Phase 10 Depositing Routes
Phase 10 Depositing Routes | Checksum: 29f23dca5

Time (s): cpu = 00:00:26 ; elapsed = 00:00:17 . Memory (MB): peak = 2999.453 ; gain = 0.000 ; free physical = 988 ; free virtual = 11828

Phase 11 Post Process Routing
Phase 11 Post Process Routing | Checksum: 29f23dca5

Time (s): cpu = 00:00:26 ; elapsed = 00:00:17 . Memory (MB): peak = 2999.453 ; gain = 0.000 ; free physical = 987 ; free virtual = 11827

Phase 12 Post Router Timing
INFO: [Route 35-57] Estimated Timing Summary | WNS=3.681  | TNS=0.000  | WHS=0.077  | THS=0.000  |

INFO: [Route 35-327] The final timing numbers are based on the router estimated timing analysis. For a complete and accurate timing signoff, please run report_timing_summary.
Phase 12 Post Router Timing | Checksum: 29f23dca5

Time (s): cpu = 00:00:26 ; elapsed = 00:00:17 . Memory (MB): peak = 2999.453 ; gain = 0.000 ; free physical = 987 ; free virtual = 11827
Total Elapsed time in route_design: 17.43 secs

Phase 13 Post-Route Event Processing
Phase 13 Post-Route Event Processing | Checksum: 2240ca447

Time (s): cpu = 00:00:26 ; elapsed = 00:00:17 . Memory (MB): peak = 2999.453 ; gain = 0.000 ; free physical = 987 ; free virtual = 11827
INFO: [Route 35-16] Router Completed Successfully
Ending Routing Task | Checksum: 2240ca447

Time (s): cpu = 00:00:27 ; elapsed = 00:00:17 . Memory (MB): peak = 2999.453 ; gain = 0.000 ; free physical = 987 ; free virtual = 11827

Routing Is Done.
INFO: [Common 17-83] Releasing license: Implementation
108 Infos, 0 Warnings, 0 Critical Warnings and 0 Errors encountered.
route_design completed successfully
INFO: [Common 17-600] The following parameters have non-default value.
tcl.statsThreshold
INFO: [Vivado 12-24828] Executing command : report_drc -file crc_top_drc_routed.rpt -pb crc_top_drc_routed.pb -rpx crc_top_drc_routed.rpx
Command: report_drc -file crc_top_drc_routed.rpt -pb crc_top_drc_routed.pb -rpx crc_top_drc_routed.rpx
INFO: [IP_Flow 19-1839] IP Catalog is up to date.
INFO: [DRC 23-27] Running DRC with 8 threads
INFO: [Vivado_Tcl 2-168] The results of DRC are in file /home/agnibha/Documents/acads/Reconfig/Lab Assignments/Lab 2/CRC16/CRC16.runs/impl_1/crc_top_drc_routed.rpt.
report_drc completed successfully
INFO: [Vivado 12-24828] Executing command : report_methodology -file crc_top_methodology_drc_routed.rpt -pb crc_top_methodology_drc_routed.pb -rpx crc_top_methodology_drc_routed.rpx
Command: report_methodology -file crc_top_methodology_drc_routed.rpt -pb crc_top_methodology_drc_routed.pb -rpx crc_top_methodology_drc_routed.rpx
INFO: [Timing 38-35] Done setting XDC timing constraints.
INFO: [DRC 23-133] Running Methodology with 8 threads
INFO: [Vivado_Tcl 2-1520] The results of Report Methodology are in file /home/agnibha/Documents/acads/Reconfig/Lab Assignments/Lab 2/CRC16/CRC16.runs/impl_1/crc_top_methodology_drc_routed.rpt.
report_methodology completed successfully
INFO: [Vivado 12-24828] Executing command : report_timing_summary -max_paths 10 -routable_nets -report_unconstrained -file crc_top_timing_summary_routed.rpt -pb crc_top_timing_summary_routed.pb -rpx crc_top_timing_summary_routed.rpx -warn_on_violation 
INFO: [Timing 38-35] Done setting XDC timing constraints.
INFO: [Timing 38-91] UpdateTimingParams: Speed grade: -1, Delay Type: min_max.
INFO: [Timing 38-191] Multithreading enabled for timing update using a maximum of 8 CPUs
WARNING: [Timing 38-436] There are set_bus_skew constraint(s) in this design. Please run report_bus_skew to ensure that bus skew requirements are met.
INFO: [Vivado 12-24838] Running report commands "report_bus_skew, report_incremental_reuse, report_route_status" in parallel.
Running report generation with 3 threads.
INFO: [Vivado 12-24828] Executing command : report_incremental_reuse -file crc_top_incremental_reuse_routed.rpt
INFO: [Vivado_Tcl 4-1062] Incremental flow is disabled. No incremental reuse Info to report.
INFO: [Vivado 12-24828] Executing command : report_route_status -file crc_top_route_status.rpt -pb crc_top_route_status.pb
INFO: [Vivado 12-24828] Executing command : report_bus_skew -warn_on_violation -file crc_top_bus_skew_routed.rpt -pb crc_top_bus_skew_routed.pb -rpx crc_top_bus_skew_routed.rpx
INFO: [Timing 38-91] UpdateTimingParams: Speed grade: -1, Delay Type: min_max.
INFO: [Timing 38-191] Multithreading enabled for timing update using a maximum of 8 CPUs
INFO: [Vivado 12-24828] Executing command : report_power -file crc_top_power_routed.rpt -pb crc_top_power_summary_routed.pb -rpx crc_top_power_routed.rpx
Command: report_power -file crc_top_power_routed.rpt -pb crc_top_power_summary_routed.pb -rpx crc_top_power_routed.rpx
Running Vector-less Activity Propagation...

Finished Running Vector-less Activity Propagation
WARNING: [Power 33-332] Found switching activity that implies high-fanout reset nets being asserted for excessive periods of time which may result in inaccurate power analysis.
Resolution: To review and fix problems, please run Power Constraints Advisor in the GUI from Tools > Power Constraints Advisor or run report_power with the -advisory option to generate a text report.
129 Infos, 2 Warnings, 0 Critical Warnings and 0 Errors encountered.
report_power completed successfully
INFO: [Vivado 12-24828] Executing command : report_clock_utilization -file crc_top_clock_utilization_routed.rpt
INFO: [Timing 38-480] Writing timing data to binary archive.
Wrote PlaceDB: Time (s): cpu = 00:00:00 ; elapsed = 00:00:00 . Memory (MB): peak = 3007.457 ; gain = 0.000 ; free physical = 938 ; free virtual = 11782
Wrote PulsedLatchDB: Time (s): cpu = 00:00:00 ; elapsed = 00:00:00 . Memory (MB): peak = 3007.457 ; gain = 0.000 ; free physical = 938 ; free virtual = 11782
Writing XDEF routing.
Write ShapeDB Complete: Time (s): cpu = 00:00:00.02 ; elapsed = 00:00:00 . Memory (MB): peak = 3007.457 ; gain = 0.000 ; free physical = 938 ; free virtual = 11782
Writing XDEF routing logical nets.
Writing XDEF routing special nets.
Wrote RouteStorage: Time (s): cpu = 00:00:00.16 ; elapsed = 00:00:00.03 . Memory (MB): peak = 3007.457 ; gain = 0.000 ; free physical = 935 ; free virtual = 11781
Wrote PlaceStorage: Time (s): cpu = 00:00:00.26 ; elapsed = 00:00:00.08 . Memory (MB): peak = 3007.457 ; gain = 0.000 ; free physical = 935 ; free virtual = 11783
Wrote Netlist Cache: Time (s): cpu = 00:00:00 ; elapsed = 00:00:00 . Memory (MB): peak = 3007.457 ; gain = 0.000 ; free physical = 935 ; free virtual = 11783
Wrote Device Cache: Time (s): cpu = 00:00:00.01 ; elapsed = 00:00:00.01 . Memory (MB): peak = 3007.457 ; gain = 0.000 ; free physical = 935 ; free virtual = 11784
Write Physdb Complete: Time (s): cpu = 00:00:00.45 ; elapsed = 00:00:00.12 . Memory (MB): peak = 3007.457 ; gain = 0.000 ; free physical = 935 ; free virtual = 11784
INFO: [Common 17-1381] The checkpoint '/home/agnibha/Documents/acads/Reconfig/Lab Assignments/Lab 2/CRC16/CRC16.runs/impl_1/crc_top_routed.dcp' has been generated.
Command: write_bitstream -force crc_top.bit
Attempting to get a license for feature 'Implementation' and/or device 'xc7z020'
INFO: [Common 17-349] Got license for feature 'Implementation' and/or device 'xc7z020'
Running DRC as a precondition to command write_bitstream
INFO: [IP_Flow 19-1839] IP Catalog is up to date.
INFO: [DRC 23-27] Running DRC with 8 threads
INFO: [Vivado 12-3199] DRC finished with 0 Errors
INFO: [Vivado 12-3200] Please refer to the DRC report (report_drc) for more information.
Integrating Hard IP ELF/MEM with the PDI.
INFO: [Designutils 20-2272] Running write_bitstream with 8 threads.
Loading data files...
Loading site data...
Loading route data...
Processing options...
Creating bitmap...
Creating bitstream...
Writing bitstream ./crc_top.bit...
INFO: [Vivado 12-1842] Bitgen Completed Successfully.
INFO: [Common 17-83] Releasing license: Implementation
140 Infos, 2 Warnings, 0 Critical Warnings and 0 Errors encountered.
write_bitstream completed successfully
INFO: [Common 17-206] Exiting Vivado at Sat Sep 19 11:18:53 2026...

*** Running vivado
    with args -log crc_top.vdi -applog -m64 -product Vivado -messageDb vivado.pb -mode batch -source crc_top.tcl -notrace


****** Vivado v2025.2 (64-bit)
  **** SW Build 6299465 on Fri Nov 14 12:34:56 MST 2025
  **** IP Build 6300035 on Fri Nov 14 10:48:45 MST 2025
  **** SharedData Build 6298862 on Thu Nov 13 04:50:51 MST 2025
  **** Start of session at: Sat Sep 19 11:29:49 2026
    ** Copyright 1986-2022 Xilinx, Inc. All Rights Reserved.
    ** Copyright 2022-2025 Advanced Micro Devices, Inc. All Rights Reserved.

source crc_top.tcl -notrace
Command: open_checkpoint crc_top_routed.dcp
INFO: [Device 21-403] Loading part xc7z020clg484-1
Netlist sorting complete. Time (s): cpu = 00:00:00.02 ; elapsed = 00:00:00.01 . Memory (MB): peak = 1768.652 ; gain = 0.000 ; free physical = 983 ; free virtual = 12120
INFO: [Netlist 29-17] Analyzing 28 Unisim elements for replacement
INFO: [Netlist 29-28] Unisim Transformation completed in 0 CPU seconds
INFO: [Project 1-479] Netlist was created with Vivado 2025.2
INFO: [Project 1-570] Preparing netlist for logic optimization
Read ShapeDB Complete: Time (s): cpu = 00:00:00 ; elapsed = 00:00:00.01 . Memory (MB): peak = 1849.434 ; gain = 1.000 ; free physical = 876 ; free virtual = 12018
INFO: [Timing 38-478] Restoring timing data from binary archive.
INFO: [Timing 38-479] Binary timing data restore complete.
INFO: [Project 1-856] Restoring constraints from binary archive.
INFO: [Project 1-853] Binary constraint restore complete.
INFO: [Designutils 20-5722] Start Reading Physical Databases.
Reading placement.
Read Netlist Cache: Time (s): cpu = 00:00:00 ; elapsed = 00:00:00.01 . Memory (MB): peak = 2431.871 ; gain = 0.000 ; free physical = 511 ; free virtual = 11665
Reading placer database...
Read Device Cache: Time (s): cpu = 00:00:00 ; elapsed = 00:00:00 . Memory (MB): peak = 2431.871 ; gain = 0.000 ; free physical = 511 ; free virtual = 11665
Read PlaceDB: Time (s): cpu = 00:00:00 ; elapsed = 00:00:00 . Memory (MB): peak = 2431.871 ; gain = 0.000 ; free physical = 511 ; free virtual = 11665
Read placeStorage: Time (s): cpu = 00:00:00.05 ; elapsed = 00:00:00.05 . Memory (MB): peak = 2431.871 ; gain = 0.000 ; free physical = 508 ; free virtual = 11662
Read PulsedLatchDB: Time (s): cpu = 00:00:00 ; elapsed = 00:00:00 . Memory (MB): peak = 2431.871 ; gain = 0.000 ; free physical = 508 ; free virtual = 11662
Reading routing.
Read RouteStorage: Time (s): cpu = 00:00:00.05 ; elapsed = 00:00:00.01 . Memory (MB): peak = 2431.871 ; gain = 0.000 ; free physical = 507 ; free virtual = 11661
Read Physdb Files: Time (s): cpu = 00:00:00.1 ; elapsed = 00:00:00.08 . Memory (MB): peak = 2431.871 ; gain = 0.000 ; free physical = 507 ; free virtual = 11661
Restored from archive | CPU: 0.130000 secs | Memory: 3.499245 MB |
Finished XDEF File Restore: Time (s): cpu = 00:00:00.13 ; elapsed = 00:00:00.1 . Memory (MB): peak = 2431.871 ; gain = 7.938 ; free physical = 507 ; free virtual = 11661
Netlist sorting complete. Time (s): cpu = 00:00:00 ; elapsed = 00:00:00 . Memory (MB): peak = 2431.871 ; gain = 0.000 ; free physical = 507 ; free virtual = 11661
INFO: [Project 1-111] Unisim Transformation Summary:
  A total of 6 instances were transformed.
  RAM32M => RAM32M (RAMD32(x6), RAMS32(x2)): 6 instances

sh: 1: cannot create /home/agnibha/Documents/acads/Reconfig/Lab: Is a directory
INFO: [Project 1-604] Checkpoint was created with Vivado v2025.2 (64-bit) build 6299465
Command: write_bitstream -force crc_top.bit
Attempting to get a license for feature 'Implementation' and/or device 'xc7z020'
INFO: [Common 17-349] Got license for feature 'Implementation' and/or device 'xc7z020'
Running DRC as a precondition to command write_bitstream
INFO: [IP_Flow 19-234] Refreshing IP repositories
INFO: [IP_Flow 19-1704] No user IP repositories specified
INFO: [IP_Flow 19-2313] Loaded Vivado IP repository '/home/agnibha/Xilinix/2025.2/data/ip'.
INFO: [DRC 23-27] Running DRC with 8 threads
INFO: [Vivado 12-3199] DRC finished with 0 Errors
INFO: [Vivado 12-3200] Please refer to the DRC report (report_drc) for more information.
Integrating Hard IP ELF/MEM with the PDI.
INFO: [Designutils 20-2272] Running write_bitstream with 8 threads.
Loading data files...
Loading site data...
Loading route data...
Processing options...
Creating bitmap...
Creating bitstream...
Writing bitstream ./crc_top.bit...
INFO: [Vivado 12-1842] Bitgen Completed Successfully.
INFO: [Common 17-83] Releasing license: Implementation
22 Infos, 0 Warnings, 0 Critical Warnings and 0 Errors encountered.
write_bitstream completed successfully
INFO: [Common 17-206] Exiting Vivado at Sat Sep 19 11:30:06 2026...
