
*** Running vivado
    with args -log crc_top.vds -m64 -product Vivado -mode batch -messageDb vivado.pb -notrace -source crc_top.tcl


****** Vivado v2025.2 (64-bit)
  **** SW Build 6299465 on Fri Nov 14 12:34:56 MST 2025
  **** IP Build 6300035 on Fri Nov 14 10:48:45 MST 2025
  **** SharedData Build 6298862 on Thu Nov 13 04:50:51 MST 2025
  **** Start of session at: Sat Sep 19 11:17:05 2026
    ** Copyright 1986-2022 Xilinx, Inc. All Rights Reserved.
    ** Copyright 2022-2025 Advanced Micro Devices, Inc. All Rights Reserved.

source crc_top.tcl -notrace
Command: read_checkpoint -auto_incremental -incremental {/home/agnibha/Documents/acads/Reconfig/Lab Assignments/Lab 2/CRC16/CRC16.srcs/utils_1/imports/synth_1/crc_top.dcp}
INFO: [Vivado 12-5825] Read reference checkpoint from /home/agnibha/Documents/acads/Reconfig/Lab Assignments/Lab 2/CRC16/CRC16.srcs/utils_1/imports/synth_1/crc_top.dcp for incremental synthesis
INFO: [Vivado 12-7989] Please ensure there are no constraint changes
Command: synth_design -top crc_top -part xc7z020clg484-1
Starting synth_design
Attempting to get a license for feature 'Synthesis' and/or device 'xc7z020'
INFO: [Common 17-349] Got license for feature 'Synthesis' and/or device 'xc7z020'
INFO: [Device 21-403] Loading part xc7z020clg484-1
INFO: [Designutils 20-5440] No compile time benefit to using incremental synthesis; A full resynthesis will be run
INFO: [Designutils 20-4379] Flow is switching to default flow due to incremental criteria not met. If you would like to alter this behaviour and have the flow terminate instead, please set the following parameter config_implementation {autoIncr.Synth.RejectBehavior Terminate}
INFO: [Synth 8-7079] Multithreading enabled for synth_design using a maximum of 7 processes.
INFO: [Synth 8-7078] Launching helper process for spawning children vivado processes
INFO: [Synth 8-7075] Helper process launched with PID 179266
---------------------------------------------------------------------------------
Starting RTL Elaboration : Time (s): cpu = 00:00:03 ; elapsed = 00:00:03 . Memory (MB): peak = 2237.332 ; gain = 484.156 ; free physical = 657 ; free virtual = 12082
---------------------------------------------------------------------------------
INFO: [Synth 8-6157] synthesizing module 'crc_top' [/home/agnibha/Documents/acads/Reconfig/Lab Assignments/Lab 2/CRC16/CRC16.srcs/sources_1/new/CRC_TOP.v:1]
INFO: [Synth 8-6157] synthesizing module 'crc_core' [/home/agnibha/Documents/acads/Reconfig/Lab Assignments/Lab 2/CRC16/CRC16.srcs/sources_1/new/CRC_CORE.v:1]
INFO: [Synth 8-6157] synthesizing module 'serializer' [/home/agnibha/Documents/acads/Reconfig/Lab Assignments/Lab 2/CRC16/CRC16.srcs/sources_1/new/SERIALIZER.v:1]
	Parameter WIDTH bound to: 48 - type: integer 
INFO: [Synth 8-6155] done synthesizing module 'serializer' (0#1) [/home/agnibha/Documents/acads/Reconfig/Lab Assignments/Lab 2/CRC16/CRC16.srcs/sources_1/new/SERIALIZER.v:1]
INFO: [Synth 8-6157] synthesizing module 'crc_tx' [/home/agnibha/Documents/acads/Reconfig/Lab Assignments/Lab 2/CRC16/CRC16.srcs/sources_1/new/CRC_TX.v:1]
	Parameter G bound to: 16'b0001000000100001 
	Parameter INIT bound to: 16'b1111111111111111 
	Parameter MAX_MSG bound to: 32 - type: integer 
INFO: [Synth 8-6157] synthesizing module 'crc16' [/home/agnibha/Documents/acads/Reconfig/Lab Assignments/Lab 2/CRC16/CRC16.srcs/sources_1/new/CRC16.v:1]
	Parameter G bound to: 16'b0001000000100001 
	Parameter INIT bound to: 16'b1111111111111111 
INFO: [Synth 8-6155] done synthesizing module 'crc16' (0#1) [/home/agnibha/Documents/acads/Reconfig/Lab Assignments/Lab 2/CRC16/CRC16.srcs/sources_1/new/CRC16.v:1]
INFO: [Synth 8-6155] done synthesizing module 'crc_tx' (0#1) [/home/agnibha/Documents/acads/Reconfig/Lab Assignments/Lab 2/CRC16/CRC16.srcs/sources_1/new/CRC_TX.v:1]
INFO: [Synth 8-6157] synthesizing module 'msg_mem' [/home/agnibha/Documents/acads/Reconfig/Lab Assignments/Lab 2/CRC16/CRC16.srcs/sources_1/new/MSG_MEM.v:1]
	Parameter DEPTH bound to: 48 - type: integer 
INFO: [Synth 8-6155] done synthesizing module 'msg_mem' (0#1) [/home/agnibha/Documents/acads/Reconfig/Lab Assignments/Lab 2/CRC16/CRC16.srcs/sources_1/new/MSG_MEM.v:1]
INFO: [Synth 8-6157] synthesizing module 'custom_buff' [/home/agnibha/Documents/acads/Reconfig/Lab Assignments/Lab 2/CRC16/CRC16.srcs/sources_1/new/CustomBuff.v:1]
	Parameter DEPTH bound to: 48 - type: integer 
INFO: [Synth 8-6155] done synthesizing module 'custom_buff' (0#1) [/home/agnibha/Documents/acads/Reconfig/Lab Assignments/Lab 2/CRC16/CRC16.srcs/sources_1/new/CustomBuff.v:1]
INFO: [Synth 8-6157] synthesizing module 'crc_rx' [/home/agnibha/Documents/acads/Reconfig/Lab Assignments/Lab 2/CRC16/CRC16.srcs/sources_1/new/CRC_RX.v:1]
	Parameter G bound to: 16'b0001000000100001 
	Parameter INIT bound to: 16'b1111111111111111 
INFO: [Synth 8-226] default block is never used [/home/agnibha/Documents/acads/Reconfig/Lab Assignments/Lab 2/CRC16/CRC16.srcs/sources_1/new/CRC_RX.v:45]
INFO: [Synth 8-6155] done synthesizing module 'crc_rx' (0#1) [/home/agnibha/Documents/acads/Reconfig/Lab Assignments/Lab 2/CRC16/CRC16.srcs/sources_1/new/CRC_RX.v:1]
INFO: [Synth 8-6155] done synthesizing module 'crc_core' (0#1) [/home/agnibha/Documents/acads/Reconfig/Lab Assignments/Lab 2/CRC16/CRC16.srcs/sources_1/new/CRC_CORE.v:1]
INFO: [Synth 8-6157] synthesizing module 'vio_0' [/home/agnibha/Documents/acads/Reconfig/Lab Assignments/Lab 2/CRC16/CRC16.runs/synth_1/.Xil/Vivado-179223-agnibha-ThinkPad-T14-Gen-2i/realtime/vio_0_stub.v:6]
INFO: [Synth 8-6155] done synthesizing module 'vio_0' (0#1) [/home/agnibha/Documents/acads/Reconfig/Lab Assignments/Lab 2/CRC16/CRC16.runs/synth_1/.Xil/Vivado-179223-agnibha-ThinkPad-T14-Gen-2i/realtime/vio_0_stub.v:6]
INFO: [Synth 8-6155] done synthesizing module 'crc_top' (0#1) [/home/agnibha/Documents/acads/Reconfig/Lab Assignments/Lab 2/CRC16/CRC16.srcs/sources_1/new/CRC_TOP.v:1]
INFO: [Synth 8-6071] Mark debug on the nets applies keep_hierarchy on instance 'u_vio'. This will prevent further optimization [/home/agnibha/Documents/acads/Reconfig/Lab Assignments/Lab 2/CRC16/CRC16.srcs/sources_1/new/CRC_TOP.v:79]
INFO: [Synth 8-6071] Mark debug on the nets applies keep_hierarchy on instance 'u_core'. This will prevent further optimization [/home/agnibha/Documents/acads/Reconfig/Lab Assignments/Lab 2/CRC16/CRC16.srcs/sources_1/new/CRC_TOP.v:40]
---------------------------------------------------------------------------------
Finished RTL Elaboration : Time (s): cpu = 00:00:04 ; elapsed = 00:00:04 . Memory (MB): peak = 2332.301 ; gain = 579.125 ; free physical = 532 ; free virtual = 11958
---------------------------------------------------------------------------------
---------------------------------------------------------------------------------
Start Handling Custom Attributes
---------------------------------------------------------------------------------
---------------------------------------------------------------------------------
Finished Handling Custom Attributes : Time (s): cpu = 00:00:04 ; elapsed = 00:00:04 . Memory (MB): peak = 2335.270 ; gain = 582.094 ; free physical = 532 ; free virtual = 11958
---------------------------------------------------------------------------------
---------------------------------------------------------------------------------
Finished RTL Optimization Phase 1 : Time (s): cpu = 00:00:04 ; elapsed = 00:00:04 . Memory (MB): peak = 2335.270 ; gain = 582.094 ; free physical = 532 ; free virtual = 11958
---------------------------------------------------------------------------------
Netlist sorting complete. Time (s): cpu = 00:00:00.01 ; elapsed = 00:00:00.01 . Memory (MB): peak = 2335.270 ; gain = 0.000 ; free physical = 532 ; free virtual = 11958
INFO: [Project 1-570] Preparing netlist for logic optimization

Processing XDC Constraints
Initializing timing engine
Parsing XDC File [/home/agnibha/Documents/acads/Reconfig/Lab Assignments/Lab 2/CRC16/CRC16.gen/sources_1/ip/vio_0/vio_0/vio_0_in_context.xdc] for cell 'u_vio'
Finished Parsing XDC File [/home/agnibha/Documents/acads/Reconfig/Lab Assignments/Lab 2/CRC16/CRC16.gen/sources_1/ip/vio_0/vio_0/vio_0_in_context.xdc] for cell 'u_vio'
Parsing XDC File [/home/agnibha/Documents/acads/Reconfig/Lab Assignments/Lab 2/CRC16/CRC16.srcs/constrs_1/new/CRC_CONSTRAINTS.xdc]
Finished Parsing XDC File [/home/agnibha/Documents/acads/Reconfig/Lab Assignments/Lab 2/CRC16/CRC16.srcs/constrs_1/new/CRC_CONSTRAINTS.xdc]
INFO: [Project 1-236] Implementation specific constraints were found while reading constraint file [/home/agnibha/Documents/acads/Reconfig/Lab Assignments/Lab 2/CRC16/CRC16.srcs/constrs_1/new/CRC_CONSTRAINTS.xdc]. These constraints will be ignored for synthesis but will be used in implementation. Impacted constraints are listed in the file [.Xil/crc_top_propImpl.xdc].
Resolution: To avoid this warning, move constraints listed in [.Xil/crc_top_propImpl.xdc] to another XDC file and exclude this new file from synthesis with the used_in_synthesis property (File Properties dialog in GUI) and re-run elaboration/synthesis.
Completed Processing XDC Constraints

Netlist sorting complete. Time (s): cpu = 00:00:00 ; elapsed = 00:00:00 . Memory (MB): peak = 2443.734 ; gain = 0.000 ; free physical = 524 ; free virtual = 11950
INFO: [Project 1-111] Unisim Transformation Summary:
No Unisim elements were transformed.

sh: 1: cannot create /home/agnibha/Documents/acads/Reconfig/Lab: Is a directory
Constraint Validation Runtime : Time (s): cpu = 00:00:00 ; elapsed = 00:00:00 . Memory (MB): peak = 2443.770 ; gain = 0.000 ; free physical = 524 ; free virtual = 11950
INFO: [Designutils 20-5440] No compile time benefit to using incremental synthesis; A full resynthesis will be run
INFO: [Designutils 20-4379] Flow is switching to default flow due to incremental criteria not met. If you would like to alter this behaviour and have the flow terminate instead, please set the following parameter config_implementation {autoIncr.Synth.RejectBehavior Terminate}
---------------------------------------------------------------------------------
Finished Constraint Validation : Time (s): cpu = 00:00:09 ; elapsed = 00:00:09 . Memory (MB): peak = 2443.770 ; gain = 690.594 ; free physical = 531 ; free virtual = 11957
---------------------------------------------------------------------------------
---------------------------------------------------------------------------------
Start Loading Part and Timing Information
---------------------------------------------------------------------------------
Loading part: xc7z020clg484-1
---------------------------------------------------------------------------------
Finished Loading Part and Timing Information : Time (s): cpu = 00:00:09 ; elapsed = 00:00:09 . Memory (MB): peak = 2451.738 ; gain = 698.562 ; free physical = 531 ; free virtual = 11957
---------------------------------------------------------------------------------
---------------------------------------------------------------------------------
Start Applying 'set_property' XDC Constraints
---------------------------------------------------------------------------------
---------------------------------------------------------------------------------
Finished applying 'set_property' XDC Constraints : Time (s): cpu = 00:00:09 ; elapsed = 00:00:09 . Memory (MB): peak = 2451.738 ; gain = 698.562 ; free physical = 531 ; free virtual = 11958
---------------------------------------------------------------------------------
INFO: [Synth 8-802] inferred FSM for state register 'state_reg' in module 'crc_tx'
INFO: [Synth 8-802] inferred FSM for state register 'state_reg' in module 'crc_rx'
---------------------------------------------------------------------------------------------------
                   State |                     New Encoding |                Previous Encoding 
---------------------------------------------------------------------------------------------------
                  T_LOAD |                              001 |                               00
                T_APPEND |                              010 |                               01
                  T_DONE |                              100 |                               10
---------------------------------------------------------------------------------------------------
INFO: [Synth 8-3354] encoded FSM with state register 'state_reg' using encoding 'one-hot' in module 'crc_tx'
---------------------------------------------------------------------------------------------------
                   State |                     New Encoding |                Previous Encoding 
---------------------------------------------------------------------------------------------------
                  R_IDLE |                             0001 |                               00
                  R_RECV |                             0010 |                               01
                 R_CHECK |                             0100 |                               10
                  R_DONE |                             1000 |                               11
---------------------------------------------------------------------------------------------------
INFO: [Synth 8-3354] encoded FSM with state register 'state_reg' using encoding 'one-hot' in module 'crc_rx'
---------------------------------------------------------------------------------
Finished RTL Optimization Phase 2 : Time (s): cpu = 00:00:09 ; elapsed = 00:00:10 . Memory (MB): peak = 2451.738 ; gain = 698.562 ; free physical = 531 ; free virtual = 11958
---------------------------------------------------------------------------------
---------------------------------------------------------------------------------
Start RTL Component Statistics 
---------------------------------------------------------------------------------
Detailed RTL Component Info : 
+---Adders : 
	   2 Input   32 Bit       Adders := 1     
	   2 Input    6 Bit       Adders := 6     
+---XORs : 
	   2 Input     16 Bit         XORs := 2     
	   2 Input      1 Bit         XORs := 3     
+---Registers : 
	               48 Bit    Registers := 5     
	               16 Bit    Registers := 2     
	                6 Bit    Registers := 7     
	                2 Bit    Registers := 5     
	                1 Bit    Registers := 15    
+---Muxes : 
	   2 Input   48 Bit        Muxes := 2     
	   3 Input   48 Bit        Muxes := 1     
	   2 Input    6 Bit        Muxes := 4     
	   3 Input    4 Bit        Muxes := 1     
	   4 Input    2 Bit        Muxes := 1     
	   2 Input    1 Bit        Muxes := 14    
	   3 Input    1 Bit        Muxes := 6     
---------------------------------------------------------------------------------
Finished RTL Component Statistics 
---------------------------------------------------------------------------------
---------------------------------------------------------------------------------
Start Part Resource Summary
---------------------------------------------------------------------------------
Part Resources:
DSPs: 220 (col length:60)
BRAMs: 280 (col length: RAMB18 60 RAMB36 30)
---------------------------------------------------------------------------------
Finished Part Resource Summary
---------------------------------------------------------------------------------
---------------------------------------------------------------------------------
Start Cross Boundary and Area Optimization
---------------------------------------------------------------------------------
---------------------------------------------------------------------------------
Finished Cross Boundary and Area Optimization : Time (s): cpu = 00:00:12 ; elapsed = 00:00:12 . Memory (MB): peak = 2451.738 ; gain = 698.562 ; free physical = 600 ; free virtual = 12029
---------------------------------------------------------------------------------
---------------------------------------------------------------------------------
Start Applying XDC Timing Constraints
---------------------------------------------------------------------------------
---------------------------------------------------------------------------------
Finished Applying XDC Timing Constraints : Time (s): cpu = 00:00:15 ; elapsed = 00:00:16 . Memory (MB): peak = 2518.738 ; gain = 765.562 ; free physical = 416 ; free virtual = 11844
---------------------------------------------------------------------------------
---------------------------------------------------------------------------------
Start Timing Optimization
---------------------------------------------------------------------------------
---------------------------------------------------------------------------------
Finished Timing Optimization : Time (s): cpu = 00:00:16 ; elapsed = 00:00:16 . Memory (MB): peak = 2557.348 ; gain = 804.172 ; free physical = 366 ; free virtual = 11794
---------------------------------------------------------------------------------
---------------------------------------------------------------------------------
Start Technology Mapping
---------------------------------------------------------------------------------
---------------------------------------------------------------------------------
Finished Technology Mapping : Time (s): cpu = 00:00:16 ; elapsed = 00:00:16 . Memory (MB): peak = 2565.355 ; gain = 812.180 ; free physical = 366 ; free virtual = 11794
---------------------------------------------------------------------------------
---------------------------------------------------------------------------------
Start IO Insertion
---------------------------------------------------------------------------------
---------------------------------------------------------------------------------
Start Flattening Before IO Insertion
---------------------------------------------------------------------------------
---------------------------------------------------------------------------------
Finished Flattening Before IO Insertion
---------------------------------------------------------------------------------
---------------------------------------------------------------------------------
Start Final Netlist Cleanup
---------------------------------------------------------------------------------
---------------------------------------------------------------------------------
Finished Final Netlist Cleanup
---------------------------------------------------------------------------------
---------------------------------------------------------------------------------
Finished IO Insertion : Time (s): cpu = 00:00:19 ; elapsed = 00:00:19 . Memory (MB): peak = 2726.168 ; gain = 972.992 ; free physical = 145 ; free virtual = 11586
---------------------------------------------------------------------------------
---------------------------------------------------------------------------------
Start Renaming Generated Instances
---------------------------------------------------------------------------------
---------------------------------------------------------------------------------
Finished Renaming Generated Instances : Time (s): cpu = 00:00:19 ; elapsed = 00:00:19 . Memory (MB): peak = 2726.168 ; gain = 972.992 ; free physical = 145 ; free virtual = 11586
---------------------------------------------------------------------------------
---------------------------------------------------------------------------------
Start Rebuilding User Hierarchy
---------------------------------------------------------------------------------
---------------------------------------------------------------------------------
Finished Rebuilding User Hierarchy : Time (s): cpu = 00:00:19 ; elapsed = 00:00:19 . Memory (MB): peak = 2726.168 ; gain = 972.992 ; free physical = 145 ; free virtual = 11586
---------------------------------------------------------------------------------
---------------------------------------------------------------------------------
Start Renaming Generated Ports
---------------------------------------------------------------------------------
---------------------------------------------------------------------------------
Finished Renaming Generated Ports : Time (s): cpu = 00:00:19 ; elapsed = 00:00:19 . Memory (MB): peak = 2726.168 ; gain = 972.992 ; free physical = 145 ; free virtual = 11586
---------------------------------------------------------------------------------
---------------------------------------------------------------------------------
Start Handling Custom Attributes
---------------------------------------------------------------------------------
---------------------------------------------------------------------------------
Finished Handling Custom Attributes : Time (s): cpu = 00:00:19 ; elapsed = 00:00:19 . Memory (MB): peak = 2726.168 ; gain = 972.992 ; free physical = 145 ; free virtual = 11586
---------------------------------------------------------------------------------
---------------------------------------------------------------------------------
Start Renaming Generated Nets
---------------------------------------------------------------------------------
---------------------------------------------------------------------------------
Finished Renaming Generated Nets : Time (s): cpu = 00:00:19 ; elapsed = 00:00:19 . Memory (MB): peak = 2726.168 ; gain = 972.992 ; free physical = 145 ; free virtual = 11586
---------------------------------------------------------------------------------
---------------------------------------------------------------------------------
Start Writing Synthesis Report
---------------------------------------------------------------------------------

Report BlackBoxes: 
+------+--------------+----------+
|      |BlackBox name |Instances |
+------+--------------+----------+
|1     |vio_0         |         1|
+------+--------------+----------+

Report Cell Usage: 
+------+------+------+
|      |Cell  |Count |
+------+------+------+
|1     |vio   |     1|
|2     |BUFG  |     1|
|3     |LUT1  |     4|
|4     |LUT2  |    17|
|5     |LUT3  |    30|
|6     |LUT4  |    61|
|7     |LUT5  |    75|
|8     |LUT6  |   131|
|9     |MUXF7 |     7|
|10    |MUXF8 |     3|
|11    |FDRE  |   296|
|12    |FDSE  |    34|
|13    |IBUF  |     6|
|14    |OBUF  |     6|
+------+------+------+
---------------------------------------------------------------------------------
Finished Writing Synthesis Report : Time (s): cpu = 00:00:19 ; elapsed = 00:00:19 . Memory (MB): peak = 2726.168 ; gain = 972.992 ; free physical = 145 ; free virtual = 11586
---------------------------------------------------------------------------------
Synthesis finished with 0 errors, 0 critical warnings and 0 warnings.
Synthesis Optimization Runtime : Time (s): cpu = 00:00:18 ; elapsed = 00:00:18 . Memory (MB): peak = 2726.168 ; gain = 864.492 ; free physical = 145 ; free virtual = 11586
Synthesis Optimization Complete : Time (s): cpu = 00:00:19 ; elapsed = 00:00:19 . Memory (MB): peak = 2726.176 ; gain = 972.992 ; free physical = 145 ; free virtual = 11586
INFO: [Project 1-571] Translating synthesized netlist
Netlist sorting complete. Time (s): cpu = 00:00:00 ; elapsed = 00:00:00.01 . Memory (MB): peak = 2726.176 ; gain = 0.000 ; free physical = 146 ; free virtual = 11587
INFO: [Netlist 29-17] Analyzing 10 Unisim elements for replacement
INFO: [Netlist 29-28] Unisim Transformation completed in 0 CPU seconds
INFO: [Project 1-570] Preparing netlist for logic optimization
INFO: [Opt 31-138] Pushed 0 inverter(s) to 0 load pin(s).
Netlist sorting complete. Time (s): cpu = 00:00:00 ; elapsed = 00:00:00 . Memory (MB): peak = 2782.195 ; gain = 0.000 ; free physical = 294 ; free virtual = 11735
INFO: [Project 1-111] Unisim Transformation Summary:
No Unisim elements were transformed.

sh: 1: cannot create /home/agnibha/Documents/acads/Reconfig/Lab: Is a directory
Synth Design complete | Checksum: 4ad3bb12
INFO: [Common 17-83] Releasing license: Synthesis
46 Infos, 0 Warnings, 0 Critical Warnings and 0 Errors encountered.
synth_design completed successfully
INFO: [Common 17-600] The following parameters have non-default value.
tcl.statsThreshold
Write ShapeDB Complete: Time (s): cpu = 00:00:00 ; elapsed = 00:00:00 . Memory (MB): peak = 2806.207 ; gain = 0.000 ; free physical = 309 ; free virtual = 11735
INFO: [Common 17-1381] The checkpoint '/home/agnibha/Documents/acads/Reconfig/Lab Assignments/Lab 2/CRC16/CRC16.runs/synth_1/crc_top.dcp' has been generated.
INFO: [Vivado 12-24828] Executing command : report_utilization -file crc_top_utilization_synth.rpt -pb crc_top_utilization_synth.pb
INFO: [Common 17-206] Exiting Vivado at Sat Sep 19 11:17:33 2026...
